node : Ignoring 
invalid configuration 
option passed to 
Connection: keepAliveIn
itialDelayMs. This is 
currently a warning, 
but in future versions 
of MySQL2, an error 
will be thrown if you 
pass an invalid 
configuration option 
to a Connection
At line:1 char:1
+ node test_proxy.js > 
test_output.txt 2>&1
+ ~~~~~~~~~~~~~~~~~~~~~
~~~~~~~~~~~~~~~~~~~~
    + CategoryInfo     
         : NotSpecifi  
  ed: (Ignoring inva   
 li...to a Connecti    
on:String) [], Rem    
oteException
    + FullyQualifiedEr 
   rorId : NativeComm  
  andError
 
--- Starting Proxy Bidding Test ---
Γ£ô MySQL connection successful
Test Failed: Error: 
Duplicate entry 
'uA@a.com' for key 
'email'
    at 
PromisePool.query (C:\U
sers\rudvi\Downloads\Ne
w\bid-brilliance\server
\node_modules\mysql2\li
b\promise\pool.js:36:22
)
    at 
Module.createUser (file
:///C:/Users/rudvi/Down
loads/New/bid-brillianc
e/server/services/queri
es.js:22:31)
    at run (file:///C:/
Users/rudvi/Downloads/N
ew/bid-brilliance/serve
r/test_proxy.js:10:30)
    at file:///C:/Users
/rudvi/Downloads/New/bi
d-brilliance/server/tes
t_proxy.js:58:1
    at ModuleJob.run (n
ode:internal/modules/es
m/module_job:343:25)
    at async onImport.t
racePromise.__proto__ (
node:internal/modules/e
sm/loader:665:26)
    at async asyncRunEn
tryPointWithESMLoader (
node:internal/modules/r
un_main:117:5) {
  code: 'ER_DUP_ENTRY',
  errno: 1062,
  sql: "INSERT INTO 
users (email, 
username, 
password_hash, 
first_name, last_name, 
user_type) VALUES 
('uA@a.com', 'uA', 
'123', 'A', 'A', 
'buyer')",
  sqlState: '23000',
  sqlMessage: 
"Duplicate entry 
'uA@a.com' for key 
'email'"
}
